// Jest Snapshot v1, https://goo.gl/fbAQLP

exports[`Hydeo component renders the hydeo correctly renders correctly 1`] = `
<div>
  Hydeo
</div>
`;
